// Jest Snapshot v1, https://goo.gl/fbAQLP

exports[`cards-page component render correctly 1`] = `
<DocumentFragment>
  <form
    class="search"
  >
    <input
      class="search-control"
      placeholder="Search"
      type="text"
      value=""
    />
  </form>
  <div
    class="card-list"
  >
    <div
      class="card-list__container"
    >
      <img
        class="picture"
        src="./image/img1.jpg"
      />
      <h1
        class="title"
      >
        picture1
      </h1>
      <p
        class="description"
      >
        exemple1
      </p>
      <div
        class="control"
      >
        <button
          type="button"
        >
          <i
            class="fa fa-star"
          />
        </button>
        <button
          type="button"
        >
          <i
            class="fa fa-trash"
          />
        </button>
        <button
          type="button"
        >
          <i
            class="fa fa-heart"
          />
        </button>
      </div>
    </div>
    <div
      class="card-list__container"
    >
      <img
        class="picture"
        src="./image/img2.jpg"
      />
      <h1
        class="title"
      >
        picture2
      </h1>
      <p
        class="description"
      >
        exemple2
      </p>
      <div
        class="control"
      >
        <button
          type="button"
        >
          <i
            class="fa fa-star"
          />
        </button>
        <button
          type="button"
        >
          <i
            class="fa fa-trash"
          />
        </button>
        <button
          type="button"
        >
          <i
            class="fa fa-heart"
          />
        </button>
      </div>
    </div>
    <div
      class="card-list__container"
    >
      <img
        class="picture"
        src="./image/img3.jpg"
      />
      <h1
        class="title"
      >
        picture3
      </h1>
      <p
        class="description"
      >
        exemple3
      </p>
      <div
        class="control"
      >
        <button
          type="button"
        >
          <i
            class="fa fa-star"
          />
        </button>
        <button
          type="button"
        >
          <i
            class="fa fa-trash"
          />
        </button>
        <button
          type="button"
        >
          <i
            class="fa fa-heart"
          />
        </button>
      </div>
    </div>
    <div
      class="card-list__container"
    >
      <img
        class="picture"
        src="./image/img4.jpg"
      />
      <h1
        class="title"
      >
        picture4
      </h1>
      <p
        class="description"
      >
        exemple4
      </p>
      <div
        class="control"
      >
        <button
          type="button"
        >
          <i
            class="fa fa-star"
          />
        </button>
        <button
          type="button"
        >
          <i
            class="fa fa-trash"
          />
        </button>
        <button
          type="button"
        >
          <i
            class="fa fa-heart"
          />
        </button>
      </div>
    </div>
    <div
      class="card-list__container"
    >
      <img
        class="picture"
        src="./image/img5.jpg"
      />
      <h1
        class="title"
      >
        picture5
      </h1>
      <p
        class="description"
      >
        exemple5
      </p>
      <div
        class="control"
      >
        <button
          type="button"
        >
          <i
            class="fa fa-star"
          />
        </button>
        <button
          type="button"
        >
          <i
            class="fa fa-trash"
          />
        </button>
        <button
          type="button"
        >
          <i
            class="fa fa-heart"
          />
        </button>
      </div>
    </div>
    <div
      class="card-list__container"
    >
      <img
        class="picture"
        src="./image/img6.jpg"
      />
      <h1
        class="title"
      >
        picture6
      </h1>
      <p
        class="description"
      >
        exemple6
      </p>
      <div
        class="control"
      >
        <button
          type="button"
        >
          <i
            class="fa fa-star"
          />
        </button>
        <button
          type="button"
        >
          <i
            class="fa fa-trash"
          />
        </button>
        <button
          type="button"
        >
          <i
            class="fa fa-heart"
          />
        </button>
      </div>
    </div>
  </div>
  +
</DocumentFragment>
`;
